
   Cartesian axes

     site n.     atom                  positions (alat units)
         1           O   tau(   1) = (   0.0000000   0.0000000   0.5000000  )
         2           O   tau(   2) = (   0.0000000   0.5000000   0.0000000  )
         3           O   tau(   3) = (   0.5000000   0.0000000   0.0000000  )
         4           Re  tau(   4) = (   0.0000000   0.0000000   0.0000000  )

   Crystallographic axes

     site n.     atom                  positions (cryst. coord.)
         1           O   tau(   1) = (  0.0000000  0.0000000  0.5000000  )
         2           O   tau(   2) = (  0.0000000  0.5000000  0.0000000  )
         3           O   tau(   3) = (  0.5000000  0.0000000  0.0000000  )
         4           Re  tau(   4) = (  0.0000000  0.0000000  0.0000000  )

     number of k points=    20  Methfessel-Paxton smearing, width (Ry)=  0.0100
                       cart. coord. in units 2pi/alat
        k(    1) = (   0.0625000   0.0625000   0.0625000), wk =   0.0312500
        k(    2) = (   0.0625000   0.0625000   0.1875000), wk =   0.0937500
        k(    3) = (   0.0625000   0.0625000   0.3125000), wk =   0.0937500
        k(    4) = (   0.0625000   0.0625000   0.4375000), wk =   0.0937500
        k(    5) = (   0.0625000   0.1875000   0.1875000), wk =   0.0937500
        k(    6) = (   0.0625000   0.1875000   0.3125000), wk =   0.1875000
        k(    7) = (   0.0625000   0.1875000   0.4375000), wk =   0.1875000
        k(    8) = (   0.0625000   0.3125000   0.3125000), wk =   0.0937500
        k(    9) = (   0.0625000   0.3125000   0.4375000), wk =   0.1875000
        k(   10) = (   0.0625000   0.4375000   0.4375000), wk =   0.0937500
        k(   11) = (   0.1875000   0.1875000   0.1875000), wk =   0.0312500
        k(   12) = (   0.1875000   0.1875000   0.3125000), wk =   0.0937500
        k(   13) = (   0.1875000   0.1875000   0.4375000), wk =   0.0937500
        k(   14) = (   0.1875000   0.3125000   0.3125000), wk =   0.0937500
        k(   15) = (   0.1875000   0.3125000   0.4375000), wk =   0.1875000
        k(   16) = (   0.1875000   0.4375000   0.4375000), wk =   0.0937500
        k(   17) = (   0.3125000   0.3125000   0.3125000), wk =   0.0312500
        k(   18) = (   0.3125000   0.3125000   0.4375000), wk =   0.0937500
        k(   19) = (   0.3125000   0.4375000   0.4375000), wk =   0.0937500
        k(   20) = (   0.4375000   0.4375000   0.4375000), wk =   0.0312500

                       cryst. coord.
        k(    1) = (   0.0625000   0.0625000   0.0625000), wk =   0.0312500
        k(    2) = (   0.0625000   0.0625000   0.1875000), wk =   0.0937500
        k(    3) = (   0.0625000   0.0625000   0.3125000), wk =   0.0937500
        k(    4) = (   0.0625000   0.0625000   0.4375000), wk =   0.0937500
        k(    5) = (   0.0625000   0.1875000   0.1875000), wk =   0.0937500
        k(    6) = (   0.0625000   0.1875000   0.3125000), wk =   0.1875000
        k(    7) = (   0.0625000   0.1875000   0.4375000), wk =   0.1875000
        k(    8) = (   0.0625000   0.3125000   0.3125000), wk =   0.0937500
        k(    9) = (   0.0625000   0.3125000   0.4375000), wk =   0.1875000
        k(   10) = (   0.0625000   0.4375000   0.4375000), wk =   0.0937500
        k(   11) = (   0.1875000   0.1875000   0.1875000), wk =   0.0312500
        k(   12) = (   0.1875000   0.1875000   0.3125000), wk =   0.0937500
        k(   13) = (   0.1875000   0.1875000   0.4375000), wk =   0.0937500
        k(   14) = (   0.1875000   0.3125000   0.3125000), wk =   0.0937500
        k(   15) = (   0.1875000   0.3125000   0.4375000), wk =   0.1875000
        k(   16) = (   0.1875000   0.4375000   0.4375000), wk =   0.0937500
        k(   17) = (   0.3125000   0.3125000   0.3125000), wk =   0.0312500
        k(   18) = (   0.3125000   0.3125000   0.4375000), wk =   0.0937500
        k(   19) = (   0.3125000   0.4375000   0.4375000), wk =   0.0937500
        k(   20) = (   0.4375000   0.4375000   0.4375000), wk =   0.0312500
