
     Initial potential from superposition of free atoms

     starting charge   32.49996, renormalised to   33.00000

     negative rho (up, down):  1.335E-01 0.000E+00
     Starting wfcs are   25 randomized atomic wfcs +   33 random wfcs

     total cpu time spent up to now is        1.4 secs

     Self-consistent Calculation

     iteration #  1     ecut=   120.00 Ry     beta= 0.80
     Davidson diagonalization with overlap
     ethr =  1.00E-02,  avg # of iterations =  5.2

     negative rho (up, down):  1.539E-01 0.000E+00

     total cpu time spent up to now is        3.0 secs

     total energy              =    -286.78332881 Ry
     Harris-Foulkes estimate   =    -288.02017760 Ry
     estimated scf accuracy    <       1.43889907 Ry

     iteration #  2     ecut=   120.00 Ry     beta= 0.80
     Davidson diagonalization with overlap
     ethr =  4.36E-03,  avg # of iterations =  2.1

     negative rho (up, down):  1.380E-01 0.000E+00

     total cpu time spent up to now is        3.8 secs

     total energy              =    -285.91334612 Ry
     Harris-Foulkes estimate   =    -289.43306284 Ry
     estimated scf accuracy    <       9.78981555 Ry

     iteration #  3     ecut=   120.00 Ry     beta= 0.80
     Davidson diagonalization with overlap
     ethr =  4.36E-03,  avg # of iterations =  1.8

     negative rho (up, down):  1.408E-01 0.000E+00

     total cpu time spent up to now is        4.4 secs

     total energy              =    -287.65548071 Ry
     Harris-Foulkes estimate   =    -287.67454389 Ry
     estimated scf accuracy    <       0.07797201 Ry

     iteration #  4     ecut=   120.00 Ry     beta= 0.80
     Davidson diagonalization with overlap
     ethr =  2.36E-04,  avg # of iterations =  2.4

     negative rho (up, down):  1.443E-01 0.000E+00

     total cpu time spent up to now is        5.2 secs

     total energy              =    -287.64763372 Ry
     Harris-Foulkes estimate   =    -287.65944117 Ry
     estimated scf accuracy    <       0.02586311 Ry

     iteration #  5     ecut=   120.00 Ry     beta= 0.80
     Davidson diagonalization with overlap
     ethr =  7.84E-05,  avg # of iterations =  1.3

     negative rho (up, down):  1.446E-01 0.000E+00

     total cpu time spent up to now is        5.8 secs

     total energy              =    -287.65295455 Ry
     Harris-Foulkes estimate   =    -287.65313932 Ry
     estimated scf accuracy    <       0.00045525 Ry

     iteration #  6     ecut=   120.00 Ry     beta= 0.80
     Davidson diagonalization with overlap
     ethr =  1.38E-06,  avg # of iterations =  4.5

     negative rho (up, down):  1.447E-01 0.000E+00

     total cpu time spent up to now is        6.8 secs

     total energy              =    -287.65303908 Ry
     Harris-Foulkes estimate   =    -287.65303978 Ry
     estimated scf accuracy    <       0.00000146 Ry

     iteration #  7     ecut=   120.00 Ry     beta= 0.80
     Davidson diagonalization with overlap
     ethr =  4.42E-09,  avg # of iterations =  2.1

     negative rho (up, down):  1.447E-01 0.000E+00

     total cpu time spent up to now is        7.5 secs

     End of self-consistent calculation